// Jest Snapshot v1, https://goo.gl/fbAQLP

exports[`FeeProvider should honor discount CT flag of wallet 1`] = `
{
  "0": {
    "normal": 160,
    "reverse": {
      "claim": 166,
      "lockup": 301,
    },
  },
  "1": {
    "normal": 161,
    "reverse": {
      "claim": 158,
      "lockup": 301,
    },
  },
}
`;

exports[`FeeProvider should honor discount CT flag of wallet 2`] = `
{
  "0": {
    "normal": 26,
    "reverse": {
      "claim": 28,
      "lockup": 33,
    },
  },
  "1": {
    "normal": 22,
    "reverse": {
      "claim": 24,
      "lockup": 33,
    },
  },
}
`;
