// Jest Snapshot v1, https://goo.gl/fbAQLP

exports[`Core should create Musig 1`] = `
{
  "data": [
    87,
    154,
    31,
    116,
    125,
    206,
    223,
    181,
    56,
    159,
    20,
    192,
    226,
    22,
    37,
    227,
    97,
    252,
    190,
    142,
    233,
    192,
    140,
    221,
    128,
    221,
    96,
    76,
    118,
    96,
    179,
    195,
  ],
  "type": "Buffer",
}
`;

exports[`Core should tweak Musig (liquid: false) 1`] = `
{
  "data": [
    134,
    128,
    242,
    101,
    31,
    54,
    59,
    145,
    216,
    96,
    179,
    41,
    22,
    75,
    0,
    115,
    85,
    178,
    193,
    200,
    250,
    194,
    117,
    88,
    194,
    37,
    92,
    49,
    105,
    243,
    91,
    4,
  ],
  "type": "Buffer",
}
`;

exports[`Core should tweak Musig (liquid: true) 1`] = `
{
  "data": [
    9,
    247,
    149,
    248,
    81,
    130,
    205,
    22,
    53,
    2,
    241,
    64,
    215,
    138,
    228,
    40,
    231,
    22,
    79,
    142,
    169,
    21,
    148,
    3,
    200,
    221,
    32,
    95,
    98,
    129,
    20,
    141,
  ],
  "type": "Buffer",
}
`;
