// Jest Snapshot v1, https://goo.gl/fbAQLP

exports[`Core should create Musig 1`] = `
{
  "data": [
    16,
    131,
    62,
    35,
    164,
    197,
    26,
    253,
    60,
    182,
    108,
    147,
    52,
    59,
    37,
    170,
    124,
    172,
    207,
    152,
    150,
    225,
    133,
    71,
    250,
    117,
    188,
    170,
    34,
    24,
    180,
    26,
  ],
  "type": "Buffer",
}
`;

exports[`Core should tweak Musig (liquid: false) 1`] = `
{
  "data": [
    71,
    125,
    26,
    124,
    73,
    150,
    189,
    182,
    94,
    245,
    120,
    137,
    63,
    61,
    214,
    121,
    170,
    149,
    106,
    237,
    133,
    169,
    224,
    96,
    124,
    56,
    255,
    108,
    42,
    129,
    57,
    40,
  ],
  "type": "Buffer",
}
`;

exports[`Core should tweak Musig (liquid: true) 1`] = `
{
  "data": [
    63,
    197,
    137,
    12,
    129,
    106,
    176,
    248,
    79,
    212,
    79,
    137,
    115,
    63,
    170,
    0,
    233,
    101,
    213,
    254,
    85,
    32,
    130,
    88,
    171,
    99,
    212,
    235,
    194,
    6,
    131,
    151,
  ],
  "type": "Buffer",
}
`;
